Analyzing frontend...

  error - lib\core\utils\map_utils.dart:3:8 - Target of URI doesn't exist: '../../presentation/widgets/map/map_constants.dart'. Try creating the file referenced by the URI, or try using a URI for a file that does exist. - uri_does_not_exist
  error - lib\core\utils\map_utils.dart:15:15 - Undefined name 'MapConstants'. Try correcting the name to one that is defined, or defining the name. - undefined_identifier
  error - lib\core\utils\map_utils.dart:16:13 - Undefined name 'MapConstants'. Try correcting the name to one that is defined, or defining the name. - undefined_identifier
  error - lib\core\utils\map_utils.dart:18:22 - Undefined name 'MapConstants'. Try correcting the name to one that is defined, or defining the name. - undefined_identifier
  error - lib\core\utils\map_utils.dart:19:13 - Undefined name 'MapConstants'. Try correcting the name to one that is defined, or defining the name. - undefined_identifier
  error - lib\core\utils\map_utils.dart:23:15 - Undefined name 'MapConstants'. Try correcting the name to one that is defined, or defining the name. - undefined_identifier
  error - lib\core\utils\map_utils.dart:24:13 - Undefined name 'MapConstants'. Try correcting the name to one that is defined, or defining the name. - undefined_identifier
  error - lib\core\utils\map_utils.dart:26:22 - Undefined name 'MapConstants'. Try correcting the name to one that is defined, or defining the name. - undefined_identifier
  error - lib\core\utils\map_utils.dart:27:13 - Undefined name 'MapConstants'. Try correcting the name to one that is defined, or defining the name. - undefined_identifier
  error - lib\presentation\features\map\dialogs\map_dialogs.dart:9:8 - Target of URI doesn't exist: '../../viewmodels/theme_view_model.dart'. Try creating the file referenced by the URI, or try using a URI for a file that does exist. - uri_does_not_exist
  error - lib\presentation\features\map\dialogs\map_dialogs.dart:40:40 - The name 'ThemeViewModel' isn't a type, so it can't be used as a type argument. Try correcting the name to an existing type, or defining a type named 'ThemeViewModel'. - non_type_as_type_argument
  error - lib\presentation\features\map\dialogs\map_dialogs.dart:425:40 - The name 'ThemeViewModel' isn't a type, so it can't be used as a type argument. Try correcting the name to an existing type, or defining a type named 'ThemeViewModel'. - non_type_as_type_argument
  error - lib\presentation\features\map\dialogs\map_dialogs.dart:792:5 - Undefined class 'ThemeViewModel'. Try changing the name to the name of an existing class, or creating a class with the name 'ThemeViewModel'. - undefined_class
  error - lib\presentation\features\map\dialogs\map_dialogs.dart:829:14 - Undefined class 'ThemeViewModel'. Try changing the name to the name of an existing class, or creating a class with the name 'ThemeViewModel'. - undefined_class
  error - lib\presentation\features\map\dialogs\map_dialogs.dart:883:14 - Undefined class 'ThemeViewModel'. Try changing the name to the name of an existing class, or creating a class with the name 'ThemeViewModel'. - undefined_class
  error - lib\presentation\features\map\dialogs\map_dialogs.dart:961:5 - Undefined class 'ThemeViewModel'. Try changing the name to the name of an existing class, or creating a class with the name 'ThemeViewModel'. - undefined_class
  error - lib\presentation\features\map\dialogs\map_dialogs.dart:1088:5 - Undefined class 'ThemeViewModel'. Try changing the name to the name of an existing class, or creating a class with the name 'ThemeViewModel'. - undefined_class
  error - lib\presentation\features\map\dialogs\map_dialogs.dart:1134:57 - Undefined class 'ThemeViewModel'. Try changing the name to the name of an existing class, or creating a class with the name 'ThemeViewModel'. - undefined_class
  error - lib\presentation\features\map\dialogs\map_dialogs.dart:1155:5 - Undefined class 'ThemeViewModel'. Try changing the name to the name of an existing class, or creating a class with the name 'ThemeViewModel'. - undefined_class
  error - lib\presentation\features\map\dialogs\map_dialogs.dart:1181:31 - The name 'ThemeViewModel' isn't a type, so it can't be used as a type argument. Try correcting the name to an existing type, or defining a type named 'ThemeViewModel'. - non_type_as_type_argument
  error - lib\presentation\features\map\dialogs\map_dialogs.dart:1310:5 - Undefined class 'ThemeViewModel'. Try changing the name to the name of an existing class, or creating a class with the name 'ThemeViewModel'. - undefined_class
  error - lib\presentation\features\map\dialogs\map_dialogs.dart:1356:5 - Undefined class 'ThemeViewModel'. Try changing the name to the name of an existing class, or creating a class with the name 'ThemeViewModel'. - undefined_class
  error - lib\presentation\features\map\dialogs\map_dialogs.dart:1368:9 - Undefined class 'ThemeViewModel'. Try changing the name to the name of an existing class, or creating a class with the name 'ThemeViewModel'. - undefined_class
  error - lib\presentation\features\map\dialogs\map_dialogs.dart:1616:54 - Undefined class 'ThemeViewModel'. Try changing the name to the name of an existing class, or creating a class with the name 'ThemeViewModel'. - undefined_class
  error - lib\presentation\features\map\map_screen.dart:223:7 - Expected a method, getter, setter or operator declaration. This appears to be incomplete code. Try removing it or completing it. - expected_executable
  error - lib\presentation\features\map\map_screen.dart:223:8 - Expected a method, getter, setter or operator declaration. This appears to be incomplete code. Try removing it or completing it. - expected_executable
  error - lib\presentation\features\map\map_screen.dart:224:7 - Expected to find ';'. - expected_token
  error - lib\presentation\features\map\map_screen.dart:224:7 - Variables must be declared using the keywords 'const', 'final', 'var' or a type name. Try adding the name of the type of the variable or the keyword 'var'. - missing_const_final_var_or_type
  error - lib\presentation\features\map\map_screen.dart:224:12 - Expected a method, getter, setter or operator declaration. This appears to be incomplete code. Try removing it or completing it. - expected_executable
  error - lib\presentation\features\map\map_screen.dart:225:21 - Named parameters must be enclosed in curly braces ('{' and '}'). Try surrounding the named parameters in curly braces. - named_parameter_outside_group
  error - lib\presentation\features\map\map_screen.dart:225:21 - Using a colon as the separator before a default value is no longer supported. Try replacing the colon with an equal sign. - obsolete_colon_for_default_value
  error - lib\presentation\features\map\map_screen.dart:226:17 - Named parameters must be enclosed in curly braces ('{' and '}'). Try surrounding the named parameters in curly braces. - named_parameter_outside_group
  error - lib\presentation\features\map\map_screen.dart:226:17 - Using a colon as the separator before a default value is no longer supported. Try replacing the colon with an equal sign. - obsolete_colon_for_default_value
  error - lib\presentation\features\map\map_screen.dart:226:19 - The default value of an optional parameter must be constant. - non_constant_default_value
  error - lib\presentation\features\map\map_screen.dart:227:16 - Undefined name 'icon'. Try correcting the name to one that is defined, or defining the name. - undefined_identifier
  error - lib\presentation\features\map\map_screen.dart:227:29 - Undefined name 'color'. Try correcting the name to one that is defined, or defining the name. - undefined_identifier
  error - lib\presentation\features\map\map_screen.dart:234:17 - Undefined name 'nearestCity'. Try correcting the name to one that is defined, or defining the name. - undefined_identifier
  error - lib\presentation\features\map\map_screen.dart:236:26 - Undefined name 'theme'. Try correcting the name to one that is defined, or defining the name. - undefined_identifier
  error - lib\presentation\features\map\map_screen.dart:243:20 - Undefined name 'value'. Try correcting the name to one that is defined, or defining the name. - undefined_identifier
  error - lib\presentation\features\map\map_screen.dart:243:47 - Undefined name 'unit'. Try correcting the name to one that is defined, or defining the name. - undefined_identifier
  error - lib\presentation\features\map\map_screen.dart:245:26 - Undefined name 'color'. Try correcting the name to one that is defined, or defining the name. - undefined_identifier
  error - lib\presentation\features\map\map_screen.dart:253:8 - A function body must be provided. Try adding a function body. - missing_function_body
  error - lib\presentation\features\map\map_screen.dart:253:8 - Expected a method, getter, setter or operator declaration. This appears to be incomplete code. Try removing it or completing it. - expected_executable
  error - lib\presentation\features\map\map_screen.dart:254:5 - Expected a method, getter, setter or operator declaration. This appears to be incomplete code. Try removing it or completing it. - expected_executable
  error - lib\presentation\features\map\map_screen.dart:254:6 - Unexpected text ';'. Try removing the text. - unexpected_token
  error - lib\presentation\features\map\map_screen.dart:255:3 - Expected a method, getter, setter or operator declaration. This appears to be incomplete code. Try removing it or completing it. - expected_executable
  error - lib\presentation\features\map\map_screen.dart:256:1 - Expected a method, getter, setter or operator declaration. This appears to be incomplete code. Try removing it or completing it. - expected_executable
  error - lib\presentation\features\map\viewmodels\map_layer_mixin.dart:4:8 - Target of URI doesn't exist: '../../../widgets/map/resource_heatmap_layer.dart'. Try creating the file referenced by the URI, or try using a URI for a file that does exist. - uri_does_not_exist
  error - lib\presentation\features\map\viewmodels\map_layer_mixin.dart:20:8 - The name 'HeatmapPoint' isn't a type, so it can't be used as a type argument. Try correcting the name to an existing type, or defining a type named 'HeatmapPoint'. - non_type_as_type_argument
  error - lib\presentation\features\map\viewmodels\map_layer_mixin.dart:23:44 - The method 'HeatmapPoint' isn't defined for the type 'MapLayerMixin'. Try correcting the name to the name of an existing method, or defining a method named 'HeatmapPoint'. - undefined_method
  error - lib\presentation\features\map\viewmodels\map_layer_mixin.dart:33:3 - Undefined class 'ResourceType'. Try changing the name to the name of an existing class, or creating a class with the name 'ResourceType'. - undefined_class
  error - lib\presentation\features\map\viewmodels\map_layer_mixin.dart:36:16 - Undefined name 'ResourceType'. Try correcting the name to one that is defined, or defining the name. - undefined_identifier
  error - lib\presentation\features\map\viewmodels\map_layer_mixin.dart:38:16 - Undefined name 'ResourceType'. Try correcting the name to one that is defined, or defining the name. - undefined_identifier
  error - lib\presentation\features\map\viewmodels\map_layer_mixin.dart:40:16 - Undefined name 'ResourceType'. Try correcting the name to one that is defined, or defining the name. - undefined_identifier
  error - lib\presentation\features\map\viewmodels\map_layer_mixin.dart:42:16 - Undefined name 'ResourceType'. Try correcting the name to one that is defined, or defining the name. - undefined_identifier
  error - lib\presentation\features\map\widgets\energy_output_widget.dart:4:8 - Target of URI doesn't exist: '../../../data/models/pin_model.dart'. Try creating the file referenced by the URI, or try using a URI for a file that does exist. - uri_does_not_exist
  error - lib\presentation\features\map\widgets\energy_output_widget.dart:9:9 - Undefined class 'PinCalculationResponse'. Try changing the name to the name of an existing class, or creating a class with the name 'PinCalculationResponse'. - undefined_class
  error - lib\presentation\features\map\widgets\map_overlays.dart:30:18 - The method 'MapDashboard' isn't defined for the type 'MapOverlays'. Try correcting the name to the name of an existing method, or defining a method named 'MapDashboard'. - undefined_method
  error - lib\presentation\features\map\widgets\map_widgets.dart:3:8 - Target of URI doesn't exist: 'map_dialogs.dart'. Try creating the file referenced by the URI, or try using a URI for a file that does exist. - uri_does_not_exist
  error - lib\presentation\features\map\widgets\optimization_buttons.dart:10:8 - Target of URI doesn't exist: '../../../widgets/map/map_widgets.dart'. Try creating the file referenced by the URI, or try using a URI for a file that does exist. - uri_does_not_exist
  error - lib\presentation\features\map\widgets\optimization_buttons.dart:71:5 - Undefined name 'OptimizationDialog'. Try correcting the name to one that is defined, or defining the name. - undefined_identifier
  error - lib\presentation\features\map\widgets\resource_action_buttons.dart:8:8 - Target of URI doesn't exist: '../../../widgets/map/map_widgets.dart'. Try creating the file referenced by the URI, or try using a URI for a file that does exist. - uri_does_not_exist
  error - lib\presentation\features\map\widgets\resource_action_buttons.dart:25:11 - The method 'ResourceActionButton' isn't defined for the type 'ResourceActionButtons'. Try correcting the name to the name of an existing method, or defining a method named 'ResourceActionButton'. - undefined_method
  error - lib\presentation\features\map\widgets\resource_action_buttons.dart:32:11 - The method 'ResourceActionButton' isn't defined for the type 'ResourceActionButtons'. Try correcting the name to the name of an existing method, or defining a method named 'ResourceActionButton'. - undefined_method
  error - lib\presentation\features\map\widgets\sidebar\scenario_button.dart:2:8 - Target of URI doesn't exist: '../../viewmodels/theme_view_model.dart'. Try creating the file referenced by the URI, or try using a URI for a file that does exist. - uri_does_not_exist
  error - lib\presentation\features\map\widgets\sidebar\scenario_button.dart:7:9 - Undefined class 'ThemeViewModel'. Try changing the name to the name of an existing class, or creating a class with the name 'ThemeViewModel'. - undefined_class
  error - lib\presentation\features\pins\viewmodels\pin_dialog_viewmodel.dart:8:8 - Target of URI doesn't exist: '../../../viewmodels/map_view_model.dart'. Try creating the file referenced by the URI, or try using a URI for a file that does exist. - uri_does_not_exist
  error - lib\presentation\features\pins\viewmodels\pin_dialog_viewmodel.dart:12:9 - Undefined class 'MapViewModel'. Try changing the name to the name of an existing class, or creating a class with the name 'MapViewModel'. - undefined_class
  error - lib\presentation\features\pins\widgets\pin_edit_dialog.dart:12:8 - Target of URI doesn't exist: '../../../widgets/map/map_constants.dart'. Try creating the file referenced by the URI, or try using a URI for a file that does exist. - uri_does_not_exist
  error - lib\presentation\features\pins\widgets\pin_edit_dialog.dart:111:23 - Undefined name 'MapConstants'. Try correcting the name to one that is defined, or defining the name. - undefined_identifier
  error - lib\presentation\features\pins\widgets\pin_edit_dialog.dart:112:21 - Undefined name 'MapConstants'. Try correcting the name to one that is defined, or defining the name. - undefined_identifier
  error - lib\presentation\features\pins\widgets\pin_edit_dialog.dart:113:22 - Undefined name 'MapConstants'. Try correcting the name to one that is defined, or defining the name. - undefined_identifier
  error - lib\presentation\widgets\report\report_map.dart:10:8 - Target of URI doesn't exist: '../map/map_constants.dart'. Try creating the file referenced by the URI, or try using a URI for a file that does exist. - uri_does_not_exist
  error - lib\presentation\widgets\report\report_map.dart:109:23 - Invalid constant value. - invalid_constant
  error - lib\presentation\widgets\report\report_map.dart:109:23 - Undefined name 'MapConstants'. Try correcting the name to one that is defined, or defining the name. - undefined_identifier
  error - lib\presentation\widgets\report\report_map.dart:110:23 - Invalid constant value. - invalid_constant
  error - lib\presentation\widgets\report\report_map.dart:110:23 - Undefined name 'MapConstants'. Try correcting the name to one that is defined, or defining the name. - undefined_identifier
  error - lib\presentation\widgets\report\report_map.dart:113:23 - Invalid constant value. - invalid_constant
  error - lib\presentation\widgets\report\report_map.dart:113:23 - Undefined name 'MapConstants'. Try correcting the name to one that is defined, or defining the name. - undefined_identifier
  error - lib\presentation\widgets\report\report_map.dart:114:23 - Invalid constant value. - invalid_constant
  error - lib\presentation\widgets\report\report_map.dart:114:23 - Undefined name 'MapConstants'. Try correcting the name to one that is defined, or defining the name. - undefined_identifier
  error - lib\presentation\widgets\report\report_map.dart:119:26 - Undefined name 'MapConstants'. Try correcting the name to one that is defined, or defining the name. - undefined_identifier
  error - lib\presentation\widgets\report\report_map.dart:128:32 - Undefined name 'MapConstants'. Try correcting the name to one that is defined, or defining the name. - undefined_identifier
  error - lib\presentation\widgets\report\scenario_map_in_report.dart:9:8 - Target of URI doesn't exist: '../map/map_constants.dart'. Try creating the file referenced by the URI, or try using a URI for a file that does exist. - uri_does_not_exist
  error - lib\presentation\widgets\report\scenario_map_in_report.dart:117:26 - Undefined name 'MapConstants'. Try correcting the name to one that is defined, or defining the name. - undefined_identifier
  error - lib\presentation\widgets\report\scenario_map_in_report.dart:122:32 - Undefined name 'MapConstants'. Try correcting the name to one that is defined, or defining the name. - undefined_identifier
warning - lib\presentation\features\map\widgets\layers_panel.dart:4:8 - Unused import: '../models/map_models.dart'. Try removing the import directive. - unused_import
warning - lib\presentation\features\map\widgets\layers_panel.dart:5:8 - Unused import: 'map_constants.dart'. Try removing the import directive. - unused_import
warning - lib\presentation\features\map\widgets\map_overlays.dart:6:8 - Unused import: 'sidebar/sidebar_widgets.dart'. Try removing the import directive. - unused_import
warning - lib\presentation\features\map\widgets\map_view.dart:10:8 - Unused import: '../models/map_models.dart'. Try removing the import directive. - unused_import
   info - lib\presentation\features\map\dialogs\map_dialogs.dart:299:45 - Don't use 'BuildContext's across async gaps. Try rewriting the code to not use the 'BuildContext', or guard the use with a 'mounted' check. - use_build_context_synchronously
   info - lib\presentation\features\map\dialogs\map_dialogs.dart:389:48 - Don't use 'BuildContext's across async gaps. Try rewriting the code to not use the 'BuildContext', or guard the use with a 'mounted' check. - use_build_context_synchronously
   info - lib\presentation\features\map\dialogs\map_dialogs.dart:392:39 - Don't use 'BuildContext's across async gaps. Try rewriting the code to not use the 'BuildContext', or guard the use with a 'mounted' check. - use_build_context_synchronously
   info - lib\presentation\features\map\dialogs\map_dialogs.dart:494:42 - 'withOpacity' is deprecated and shouldn't be used. Use .withValues() to avoid precision loss. Try replacing the use of the deprecated member with the replacement. - deprecated_member_use
   info - lib\presentation\features\map\dialogs\map_dialogs.dart:724:47 - Don't use 'BuildContext's across async gaps. Try rewriting the code to not use the 'BuildContext', or guard the use with a 'mounted' check. - use_build_context_synchronously
   info - lib\presentation\features\map\dialogs\map_dialogs.dart:1581:36 - Don't use 'BuildContext's across async gaps, guarded by an unrelated 'mounted' check. Guard a 'State.context' use with a 'mounted' check on the State, and other BuildContext use with a 'mounted' check on the BuildContext. - use_build_context_synchronously
   info - lib\presentation\features\map\dialogs\map_dialogs.dart:1582:44 - Don't use 'BuildContext's across async gaps, guarded by an unrelated 'mounted' check. Guard a 'State.context' use with a 'mounted' check on the State, and other BuildContext use with a 'mounted' check on the BuildContext. - use_build_context_synchronously
   info - lib\presentation\features\map\dialogs\map_dialogs.dart:1596:50 - Don't use 'BuildContext's across async gaps, guarded by an unrelated 'mounted' check. Guard a 'State.context' use with a 'mounted' check on the State, and other BuildContext use with a 'mounted' check on the BuildContext. - use_build_context_synchronously
   info - lib\presentation\features\map\map_screen.dart:211:29 - Don't use 'BuildContext's across async gaps. Try rewriting the code to not use the 'BuildContext', or guard the use with a 'mounted' check. - use_build_context_synchronously
   info - lib\presentation\features\map\map_screen.dart:224:7 - An uninitialized variable should have an explicit type annotation. Try adding a type annotation. - prefer_typing_uninitialized_variables
   info - lib\presentation\features\map\map_screen.dart:224:14 - The variable name 'Row' isn't a lowerCamelCase identifier. Try changing the name to follow the lowerCamelCase style. - non_constant_identifier_names
   info - lib\presentation\features\map\widgets\map_view.dart:11:8 - The import of 'map_constants.dart' is unnecessary because all of the used elements are also provided by the import of 'map_widgets.dart'. Try removing the import directive. - unnecessary_import
   info - lib\presentation\features\map\widgets\sidebar\sidebar_launcher.dart:131:33 - Don't use 'BuildContext's across async gaps. Try rewriting the code to not use the 'BuildContext', or guard the use with a 'mounted' check. - use_build_context_synchronously
   info - lib\presentation\features\scenario\scenario_screen.dart:25:49 - Don't use 'BuildContext's across async gaps. Try rewriting the code to not use the 'BuildContext', or guard the use with a 'mounted' check. - use_build_context_synchronously
   info - lib\presentation\features\scenario\scenario_screen.dart:80:40 - 'withOpacity' is deprecated and shouldn't be used. Use .withValues() to avoid precision loss. Try replacing the use of the deprecated member with the replacement. - deprecated_member_use
   info - lib\presentation\features\scenario\scenario_screen.dart:95:42 - 'withOpacity' is deprecated and shouldn't be used. Use .withValues() to avoid precision loss. Try replacing the use of the deprecated member with the replacement. - deprecated_member_use
   info - lib\presentation\screens\report_screen.dart:35:47 - Don't use 'BuildContext's across async gaps. Try rewriting the code to not use the 'BuildContext', or guard the use with a 'mounted' check. - use_build_context_synchronously
   info - lib\presentation\screens\report_screen.dart:38:38 - Don't use 'BuildContext's across async gaps. Try rewriting the code to not use the 'BuildContext', or guard the use with a 'mounted' check. - use_build_context_synchronously

108 issues found.
